Component: ARM Compiler 5.06 update 7 (build 960) Tool: armlink [4d3601]

==============================================================================

Section Cross References

    startup_stm32f103xb.o(RESET) refers to startup_stm32f103xb.o(STACK) for __initial_sp
    startup_stm32f103xb.o(RESET) refers to startup_stm32f103xb.o(.text) for Reset_Handler
    startup_stm32f103xb.o(RESET) refers to stm32f1xx_it.o(i.NMI_Handler) for NMI_Handler
    startup_stm32f103xb.o(RESET) refers to stm32f1xx_it.o(i.HardFault_Handler) for HardFault_Handler
    startup_stm32f103xb.o(RESET) refers to stm32f1xx_it.o(i.MemManage_Handler) for MemManage_Handler
    startup_stm32f103xb.o(RESET) refers to stm32f1xx_it.o(i.BusFault_Handler) for BusFault_Handler
    startup_stm32f103xb.o(RESET) refers to stm32f1xx_it.o(i.UsageFault_Handler) for UsageFault_Handler
    startup_stm32f103xb.o(RESET) refers to stm32f1xx_it.o(i.SVC_Handler) for SVC_Handler
    startup_stm32f103xb.o(RESET) refers to stm32f1xx_it.o(i.DebugMon_Handler) for DebugMon_Handler
    startup_stm32f103xb.o(RESET) refers to stm32f1xx_it.o(i.PendSV_Handler) for PendSV_Handler
    startup_stm32f103xb.o(RESET) refers to stm32f1xx_it.o(i.SysTick_Handler) for SysTick_Handler
    startup_stm32f103xb.o(RESET) refers to stm32f1xx_it.o(i.TIM2_IRQHandler) for TIM2_IRQHandler
    startup_stm32f103xb.o(RESET) refers to stm32f1xx_it.o(i.TIM3_IRQHandler) for TIM3_IRQHandler
    startup_stm32f103xb.o(RESET) refers to stm32f1xx_it.o(i.USART2_IRQHandler) for USART2_IRQHandler
    startup_stm32f103xb.o(RESET) refers to stm32f1xx_it.o(i.EXTI15_10_IRQHandler) for EXTI15_10_IRQHandler
    startup_stm32f103xb.o(.text) refers to system_stm32f1xx.o(i.SystemInit) for SystemInit
    startup_stm32f103xb.o(.text) refers to entry.o(.ARM.Collect$$$$00000000) for __main
    stm32f1xx_ll_rcc.o(i.LL_RCC_DeInit) refers to stm32f1xx_ll_rcc.o(i.LL_RCC_PLL_IsReady) for LL_RCC_PLL_IsReady
    stm32f1xx_ll_rcc.o(i.LL_RCC_GetADCClockFreq) refers to stm32f1xx_ll_rcc.o(i.RCC_GetSystemClockFreq) for RCC_GetSystemClockFreq
    stm32f1xx_ll_rcc.o(i.LL_RCC_GetADCClockFreq) refers to stm32f1xx_ll_rcc.o(i.RCC_GetHCLKClockFreq) for RCC_GetHCLKClockFreq
    stm32f1xx_ll_rcc.o(i.LL_RCC_GetADCClockFreq) refers to stm32f1xx_ll_rcc.o(i.RCC_GetPCLK2ClockFreq) for RCC_GetPCLK2ClockFreq
    stm32f1xx_ll_rcc.o(i.LL_RCC_GetSystemClocksFreq) refers to stm32f1xx_ll_rcc.o(i.RCC_GetSystemClockFreq) for RCC_GetSystemClockFreq
    stm32f1xx_ll_rcc.o(i.LL_RCC_GetSystemClocksFreq) refers to stm32f1xx_ll_rcc.o(i.RCC_GetHCLKClockFreq) for RCC_GetHCLKClockFreq
    stm32f1xx_ll_rcc.o(i.LL_RCC_GetSystemClocksFreq) refers to stm32f1xx_ll_rcc.o(i.RCC_GetPCLK1ClockFreq) for RCC_GetPCLK1ClockFreq
    stm32f1xx_ll_rcc.o(i.LL_RCC_GetSystemClocksFreq) refers to stm32f1xx_ll_rcc.o(i.RCC_GetPCLK2ClockFreq) for RCC_GetPCLK2ClockFreq
    stm32f1xx_ll_rcc.o(i.LL_RCC_GetUSBClockFreq) refers to stm32f1xx_ll_rcc.o(i.LL_RCC_PLL_IsReady) for LL_RCC_PLL_IsReady
    stm32f1xx_ll_rcc.o(i.LL_RCC_GetUSBClockFreq) refers to stm32f1xx_ll_rcc.o(i.RCC_PLL_GetFreqDomain_SYS) for RCC_PLL_GetFreqDomain_SYS
    stm32f1xx_ll_rcc.o(i.RCC_GetHCLKClockFreq) refers to system_stm32f1xx.o(.constdata) for AHBPrescTable
    stm32f1xx_ll_rcc.o(i.RCC_GetPCLK1ClockFreq) refers to system_stm32f1xx.o(.constdata) for APBPrescTable
    stm32f1xx_ll_rcc.o(i.RCC_GetPCLK2ClockFreq) refers to system_stm32f1xx.o(.constdata) for APBPrescTable
    stm32f1xx_ll_rcc.o(i.RCC_GetSystemClockFreq) refers to stm32f1xx_ll_rcc.o(i.RCC_PLL_GetFreqDomain_SYS) for RCC_PLL_GetFreqDomain_SYS
    stm32f1xx_ll_utils.o(i.LL_PLL_ConfigSystemClock_HSE) refers to stm32f1xx_ll_utils.o(i.UTILS_PLL_IsBusy) for UTILS_PLL_IsBusy
    stm32f1xx_ll_utils.o(i.LL_PLL_ConfigSystemClock_HSE) refers to stm32f1xx_ll_utils.o(i.UTILS_GetPLLOutputFrequency) for UTILS_GetPLLOutputFrequency
    stm32f1xx_ll_utils.o(i.LL_PLL_ConfigSystemClock_HSE) refers to stm32f1xx_ll_utils.o(i.LL_RCC_HSE_IsReady) for LL_RCC_HSE_IsReady
    stm32f1xx_ll_utils.o(i.LL_PLL_ConfigSystemClock_HSE) refers to stm32f1xx_ll_utils.o(i.LL_RCC_PLL_ConfigDomain_SYS) for LL_RCC_PLL_ConfigDomain_SYS
    stm32f1xx_ll_utils.o(i.LL_PLL_ConfigSystemClock_HSE) refers to stm32f1xx_ll_utils.o(i.UTILS_EnablePLLAndSwitchSystem) for UTILS_EnablePLLAndSwitchSystem
    stm32f1xx_ll_utils.o(i.LL_PLL_ConfigSystemClock_HSI) refers to stm32f1xx_ll_utils.o(i.UTILS_PLL_IsBusy) for UTILS_PLL_IsBusy
    stm32f1xx_ll_utils.o(i.LL_PLL_ConfigSystemClock_HSI) refers to stm32f1xx_ll_utils.o(i.UTILS_GetPLLOutputFrequency) for UTILS_GetPLLOutputFrequency
    stm32f1xx_ll_utils.o(i.LL_PLL_ConfigSystemClock_HSI) refers to stm32f1xx_ll_utils.o(i.LL_RCC_HSI_IsReady) for LL_RCC_HSI_IsReady
    stm32f1xx_ll_utils.o(i.LL_PLL_ConfigSystemClock_HSI) refers to stm32f1xx_ll_utils.o(i.LL_RCC_PLL_ConfigDomain_SYS) for LL_RCC_PLL_ConfigDomain_SYS
    stm32f1xx_ll_utils.o(i.LL_PLL_ConfigSystemClock_HSI) refers to stm32f1xx_ll_utils.o(i.UTILS_EnablePLLAndSwitchSystem) for UTILS_EnablePLLAndSwitchSystem
    stm32f1xx_ll_utils.o(i.LL_SetSystemCoreClock) refers to system_stm32f1xx.o(.data) for SystemCoreClock
    stm32f1xx_ll_utils.o(i.UTILS_EnablePLLAndSwitchSystem) refers to stm32f1xx_ll_utils.o(i.LL_SetFlashLatency) for LL_SetFlashLatency
    stm32f1xx_ll_utils.o(i.UTILS_EnablePLLAndSwitchSystem) refers to stm32f1xx_ll_utils.o(i.LL_RCC_PLL_IsReady) for LL_RCC_PLL_IsReady
    stm32f1xx_ll_utils.o(i.UTILS_EnablePLLAndSwitchSystem) refers to stm32f1xx_ll_utils.o(i.LL_SetSystemCoreClock) for LL_SetSystemCoreClock
    stm32f1xx_ll_utils.o(i.UTILS_EnablePLLAndSwitchSystem) refers to system_stm32f1xx.o(.constdata) for AHBPrescTable
    stm32f1xx_ll_utils.o(i.UTILS_EnablePLLAndSwitchSystem) refers to system_stm32f1xx.o(.data) for SystemCoreClock
    stm32f1xx_ll_utils.o(i.UTILS_PLL_IsBusy) refers to stm32f1xx_ll_utils.o(i.LL_RCC_PLL_IsReady) for LL_RCC_PLL_IsReady
    system_stm32f1xx.o(i.SystemCoreClockUpdate) refers to system_stm32f1xx.o(.data) for SystemCoreClock
    system_stm32f1xx.o(i.SystemCoreClockUpdate) refers to system_stm32f1xx.o(.constdata) for AHBPrescTable
    main.o(i.Configure_DutyCycle) refers to main.o(i.LL_TIM_GetAutoReload) for LL_TIM_GetAutoReload
    main.o(i.Configure_DutyCycle) refers to main.o(i.LL_TIM_OC_SetCompareCH1) for LL_TIM_OC_SetCompareCH1
    main.o(i.Configure_DutyCycle2) refers to main.o(i.LL_TIM_GetAutoReload) for LL_TIM_GetAutoReload
    main.o(i.Configure_TIMPWMOutput) refers to main.o(i.LL_APB2_GRP1_EnableClock) for LL_APB2_GRP1_EnableClock
    main.o(i.Configure_TIMPWMOutput) refers to main.o(i.LL_GPIO_SetPinMode) for LL_GPIO_SetPinMode
    main.o(i.Configure_TIMPWMOutput) refers to main.o(i.LL_GPIO_SetPinPull) for LL_GPIO_SetPinPull
    main.o(i.Configure_TIMPWMOutput) refers to main.o(i.LL_GPIO_SetPinSpeed) for LL_GPIO_SetPinSpeed
    main.o(i.Configure_TIMPWMOutput) refers to main.o(i.__NVIC_SetPriority) for __NVIC_SetPriority
    main.o(i.Configure_TIMPWMOutput) refers to main.o(i.__NVIC_EnableIRQ) for __NVIC_EnableIRQ
    main.o(i.Configure_TIMPWMOutput) refers to main.o(i.LL_APB1_GRP1_EnableClock) for LL_APB1_GRP1_EnableClock
    main.o(i.Configure_TIMPWMOutput) refers to main.o(i.LL_TIM_SetPrescaler) for LL_TIM_SetPrescaler
    main.o(i.Configure_TIMPWMOutput) refers to main.o(i.LL_TIM_EnableARRPreload) for LL_TIM_EnableARRPreload
    main.o(i.Configure_TIMPWMOutput) refers to main.o(i.LL_TIM_GetPrescaler) for LL_TIM_GetPrescaler
    main.o(i.Configure_TIMPWMOutput) refers to main.o(i.LL_TIM_SetAutoReload) for LL_TIM_SetAutoReload
    main.o(i.Configure_TIMPWMOutput) refers to main.o(i.LL_TIM_OC_SetMode) for LL_TIM_OC_SetMode
    main.o(i.Configure_TIMPWMOutput) refers to main.o(i.LL_TIM_GetAutoReload) for LL_TIM_GetAutoReload
    main.o(i.Configure_TIMPWMOutput) refers to main.o(i.LL_TIM_OC_SetCompareCH1) for LL_TIM_OC_SetCompareCH1
    main.o(i.Configure_TIMPWMOutput) refers to main.o(i.LL_TIM_OC_EnablePreload) for LL_TIM_OC_EnablePreload
    main.o(i.Configure_TIMPWMOutput) refers to main.o(i.LL_TIM_EnableIT_CC1) for LL_TIM_EnableIT_CC1
    main.o(i.Configure_TIMPWMOutput) refers to main.o(i.LL_TIM_CC_EnableChannel) for LL_TIM_CC_EnableChannel
    main.o(i.Configure_TIMPWMOutput) refers to main.o(i.LL_TIM_EnableCounter) for LL_TIM_EnableCounter
    main.o(i.Configure_TIMPWMOutput) refers to main.o(i.LL_TIM_GenerateEvent_UPDATE) for LL_TIM_GenerateEvent_UPDATE
    main.o(i.Configure_TIMPWMOutput) refers to system_stm32f1xx.o(.data) for SystemCoreClock
    main.o(i.Configure_TIMPWMOutput) refers to main.o(.data) for TimOutClock
    main.o(i.Configure_TIMPWMOutput2) refers to main.o(i.LL_GPIO_SetPinMode) for LL_GPIO_SetPinMode
    main.o(i.Configure_TIMPWMOutput2) refers to main.o(i.LL_GPIO_SetPinPull) for LL_GPIO_SetPinPull
    main.o(i.Configure_TIMPWMOutput2) refers to main.o(i.LL_GPIO_SetPinSpeed) for LL_GPIO_SetPinSpeed
    main.o(i.Configure_TIMPWMOutput2) refers to main.o(i.__NVIC_SetPriority) for __NVIC_SetPriority
    main.o(i.Configure_TIMPWMOutput2) refers to main.o(i.__NVIC_EnableIRQ) for __NVIC_EnableIRQ
    main.o(i.Configure_TIMPWMOutput2) refers to main.o(i.LL_APB1_GRP1_EnableClock) for LL_APB1_GRP1_EnableClock
    main.o(i.Configure_TIMPWMOutput2) refers to main.o(i.LL_TIM_SetPrescaler) for LL_TIM_SetPrescaler
    main.o(i.Configure_TIMPWMOutput2) refers to main.o(i.LL_TIM_EnableARRPreload) for LL_TIM_EnableARRPreload
    main.o(i.Configure_TIMPWMOutput2) refers to main.o(i.LL_TIM_GetPrescaler) for LL_TIM_GetPrescaler
    main.o(i.Configure_TIMPWMOutput2) refers to main.o(i.LL_TIM_SetAutoReload) for LL_TIM_SetAutoReload
    main.o(i.Configure_TIMPWMOutput2) refers to main.o(i.LL_TIM_OC_SetMode) for LL_TIM_OC_SetMode
    main.o(i.Configure_TIMPWMOutput2) refers to main.o(i.LL_TIM_GetAutoReload) for LL_TIM_GetAutoReload
    main.o(i.Configure_TIMPWMOutput2) refers to main.o(i.LL_TIM_OC_SetCompareCH1) for LL_TIM_OC_SetCompareCH1
    main.o(i.Configure_TIMPWMOutput2) refers to main.o(i.LL_TIM_OC_EnablePreload) for LL_TIM_OC_EnablePreload
    main.o(i.Configure_TIMPWMOutput2) refers to main.o(i.LL_TIM_EnableIT_CC1) for LL_TIM_EnableIT_CC1
    main.o(i.Configure_TIMPWMOutput2) refers to main.o(i.LL_TIM_CC_EnableChannel) for LL_TIM_CC_EnableChannel
    main.o(i.Configure_TIMPWMOutput2) refers to main.o(i.LL_TIM_EnableCounter) for LL_TIM_EnableCounter
    main.o(i.Configure_TIMPWMOutput2) refers to main.o(i.LL_TIM_GenerateEvent_UPDATE) for LL_TIM_GenerateEvent_UPDATE
    main.o(i.Configure_TIMPWMOutput2) refers to system_stm32f1xx.o(.data) for SystemCoreClock
    main.o(i.Configure_TIMPWMOutput2) refers to main.o(.data) for TimOutClock
    main.o(i.Configure_USART) refers to main.o(i.LL_APB2_GRP1_EnableClock) for LL_APB2_GRP1_EnableClock
    main.o(i.Configure_USART) refers to main.o(i.LL_APB1_GRP1_EnableClock) for LL_APB1_GRP1_EnableClock
    main.o(i.Configure_USART) refers to main.o(i.LL_GPIO_SetPinMode) for LL_GPIO_SetPinMode
    main.o(i.Configure_USART) refers to main.o(i.LL_GPIO_SetPinSpeed) for LL_GPIO_SetPinSpeed
    main.o(i.Configure_USART) refers to main.o(i.LL_GPIO_SetPinPull) for LL_GPIO_SetPinPull
    main.o(i.Configure_USART) refers to main.o(i.__NVIC_SetPriority) for __NVIC_SetPriority
    main.o(i.Configure_USART) refers to main.o(i.__NVIC_EnableIRQ) for __NVIC_EnableIRQ
    main.o(i.Configure_USART) refers to stm32f1xx_ll_usart.o(i.LL_USART_Init) for LL_USART_Init
    main.o(i.LL_TIM_OC_EnablePreload) refers to main.o(.constdata) for OFFSET_TAB_CCMRx
    main.o(i.LL_TIM_OC_SetMode) refers to main.o(.constdata) for OFFSET_TAB_CCMRx
    main.o(i.SystemClock_Config) refers to stm32f1xx_ll_utils.o(i.LL_Init1msTick) for LL_Init1msTick
    main.o(i.SystemClock_Config) refers to stm32f1xx_ll_utils.o(i.LL_SetSystemCoreClock) for LL_SetSystemCoreClock
    main.o(i.TimerCaptureCompare_Callback) refers to main.o(i.LL_TIM_GetAutoReload) for LL_TIM_GetAutoReload
    main.o(i.TimerCaptureCompare_Callback) refers to main.o(.data) for uwMeasuredDutyCycle
    main.o(i.TimerCaptureCompare_Callback2) refers to main.o(i.LL_TIM_GetAutoReload) for LL_TIM_GetAutoReload
    main.o(i.TimerCaptureCompare_Callback2) refers to main.o(.data) for uwMeasuredDutyCycle2
    main.o(i.USART_CharReception_Callback) refers to main.o(i.Configure_DutyCycle) for Configure_DutyCycle
    main.o(i.USART_CharReception_Callback) refers to main.o(i.Configure_DutyCycle2) for Configure_DutyCycle2
    main.o(i.USART_CharReception_Callback) refers to main.o(.data) for aDutyCycle
    main.o(i.UserButton_Callback) refers to main.o(i.Configure_DutyCycle) for Configure_DutyCycle
    main.o(i.UserButton_Callback) refers to main.o(.data) for iDutyCycle
    main.o(i.UserButton_Init) refers to main.o(i.LL_APB2_GRP1_EnableClock) for LL_APB2_GRP1_EnableClock
    main.o(i.UserButton_Init) refers to main.o(i.LL_GPIO_SetPinMode) for LL_GPIO_SetPinMode
    main.o(i.UserButton_Init) refers to main.o(i.LL_GPIO_SetPinPull) for LL_GPIO_SetPinPull
    main.o(i.UserButton_Init) refers to main.o(i.__NVIC_EnableIRQ) for __NVIC_EnableIRQ
    main.o(i.UserButton_Init) refers to main.o(i.__NVIC_SetPriority) for __NVIC_SetPriority
    main.o(i.main) refers to main.o(i.SystemClock_Config) for SystemClock_Config
    main.o(i.main) refers to main.o(i.UserButton_Init) for UserButton_Init
    main.o(i.main) refers to main.o(i.Configure_TIMPWMOutput) for Configure_TIMPWMOutput
    main.o(i.main) refers to main.o(i.Configure_TIMPWMOutput2) for Configure_TIMPWMOutput2
    main.o(i.main) refers to main.o(i.Configure_USART) for Configure_USART
    stm32f1xx_it.o(i.EXTI15_10_IRQHandler) refers to main.o(i.UserButton_Callback) for UserButton_Callback
    stm32f1xx_it.o(i.TIM2_IRQHandler) refers to stm32f1xx_it.o(i.LL_TIM_IsActiveFlag_CC1) for LL_TIM_IsActiveFlag_CC1
    stm32f1xx_it.o(i.TIM2_IRQHandler) refers to main.o(i.TimerCaptureCompare_Callback2) for TimerCaptureCompare_Callback2
    stm32f1xx_it.o(i.TIM3_IRQHandler) refers to stm32f1xx_it.o(i.LL_TIM_IsActiveFlag_CC1) for LL_TIM_IsActiveFlag_CC1
    stm32f1xx_it.o(i.TIM3_IRQHandler) refers to main.o(i.TimerCaptureCompare_Callback) for TimerCaptureCompare_Callback
    stm32f1xx_it.o(i.USART2_IRQHandler) refers to main.o(i.USART_CharReception_Callback) for USART_CharReception_Callback
    stm32f1xx_it.o(i.USART2_IRQHandler) refers to main.o(i.Error_Callback) for Error_Callback
    stm32f1xx_ll_usart.o(i.LL_USART_ClockInit) refers to stm32f1xx_ll_usart.o(i.LL_USART_IsEnabled) for LL_USART_IsEnabled
    stm32f1xx_ll_usart.o(i.LL_USART_DeInit) refers to stm32f1xx_ll_usart.o(i.LL_APB1_GRP1_ForceReset) for LL_APB1_GRP1_ForceReset
    stm32f1xx_ll_usart.o(i.LL_USART_DeInit) refers to stm32f1xx_ll_usart.o(i.LL_APB1_GRP1_ReleaseReset) for LL_APB1_GRP1_ReleaseReset
    stm32f1xx_ll_usart.o(i.LL_USART_Init) refers to stm32f1xx_ll_usart.o(i.LL_USART_IsEnabled) for LL_USART_IsEnabled
    stm32f1xx_ll_usart.o(i.LL_USART_Init) refers to stm32f1xx_ll_rcc.o(i.LL_RCC_GetSystemClocksFreq) for LL_RCC_GetSystemClocksFreq
    stm32f1xx_ll_usart.o(i.LL_USART_Init) refers to stm32f1xx_ll_usart.o(i.LL_USART_SetBaudRate) for LL_USART_SetBaudRate
    entry.o(.ARM.Collect$$$$00000000) refers (Special) to entry10a.o(.ARM.Collect$$$$0000000F) for __rt_final_cpp
    entry.o(.ARM.Collect$$$$00000000) refers (Special) to entry11a.o(.ARM.Collect$$$$00000011) for __rt_final_exit
    entry.o(.ARM.Collect$$$$00000000) refers (Special) to entry12b.o(.ARM.Collect$$$$0000000E) for __rt_lib_shutdown_fini
    entry.o(.ARM.Collect$$$$00000000) refers (Special) to entry7b.o(.ARM.Collect$$$$00000008) for _main_clock
    entry.o(.ARM.Collect$$$$00000000) refers (Special) to entry8b.o(.ARM.Collect$$$$0000000A) for _main_cpp_init
    entry.o(.ARM.Collect$$$$00000000) refers (Special) to entry9a.o(.ARM.Collect$$$$0000000B) for _main_init
    entry.o(.ARM.Collect$$$$00000000) refers (Special) to entry5.o(.ARM.Collect$$$$00000004) for _main_scatterload
    entry.o(.ARM.Collect$$$$00000000) refers (Special) to entry2.o(.ARM.Collect$$$$00000001) for _main_stk
    entry2.o(.ARM.Collect$$$$00000001) refers to entry2.o(.ARM.Collect$$$$00002712) for __lit__00000000
    entry2.o(.ARM.Collect$$$$00002712) refers to startup_stm32f103xb.o(STACK) for __initial_sp
    entry2.o(__vectab_stack_and_reset_area) refers to startup_stm32f103xb.o(STACK) for __initial_sp
    entry2.o(__vectab_stack_and_reset_area) refers to entry.o(.ARM.Collect$$$$00000000) for __main
    entry5.o(.ARM.Collect$$$$00000004) refers to init.o(.text) for __scatterload
    entry9a.o(.ARM.Collect$$$$0000000B) refers to main.o(i.main) for main
    entry9b.o(.ARM.Collect$$$$0000000C) refers to main.o(i.main) for main
    init.o(.text) refers to entry5.o(.ARM.Collect$$$$00000004) for __main_after_scatterload


==============================================================================

Removing Unused input sections from the image.

    Removing startup_stm32f103xb.o(HEAP), (512 bytes).
    Removing stm32f1xx_ll_rcc.o(.rev16_text), (4 bytes).
    Removing stm32f1xx_ll_rcc.o(.revsh_text), (4 bytes).
    Removing stm32f1xx_ll_rcc.o(.rrx_text), (6 bytes).
    Removing stm32f1xx_ll_rcc.o(i.LL_RCC_DeInit), (152 bytes).
    Removing stm32f1xx_ll_rcc.o(i.LL_RCC_GetADCClockFreq), (68 bytes).
    Removing stm32f1xx_ll_rcc.o(i.LL_RCC_GetUSBClockFreq), (68 bytes).
    Removing stm32f1xx_ll_rcc.o(i.LL_RCC_PLL_IsReady), (16 bytes).
    Removing stm32f1xx_ll_utils.o(.rev16_text), (4 bytes).
    Removing stm32f1xx_ll_utils.o(.revsh_text), (4 bytes).
    Removing stm32f1xx_ll_utils.o(.rrx_text), (6 bytes).
    Removing stm32f1xx_ll_utils.o(i.LL_PLL_ConfigSystemClock_HSE), (148 bytes).
    Removing stm32f1xx_ll_utils.o(i.LL_PLL_ConfigSystemClock_HSI), (104 bytes).
    Removing stm32f1xx_ll_utils.o(i.LL_RCC_HSE_IsReady), (16 bytes).
    Removing stm32f1xx_ll_utils.o(i.LL_RCC_HSI_IsReady), (16 bytes).
    Removing stm32f1xx_ll_utils.o(i.LL_RCC_PLL_ConfigDomain_SYS), (28 bytes).
    Removing stm32f1xx_ll_utils.o(i.LL_RCC_PLL_IsReady), (16 bytes).
    Removing stm32f1xx_ll_utils.o(i.LL_SetFlashLatency), (108 bytes).
    Removing stm32f1xx_ll_utils.o(i.LL_mDelay), (40 bytes).
    Removing stm32f1xx_ll_utils.o(i.UTILS_EnablePLLAndSwitchSystem), (216 bytes).
    Removing stm32f1xx_ll_utils.o(i.UTILS_GetPLLOutputFrequency), (32 bytes).
    Removing stm32f1xx_ll_utils.o(i.UTILS_PLL_IsBusy), (16 bytes).
    Removing system_stm32f1xx.o(.rev16_text), (4 bytes).
    Removing system_stm32f1xx.o(.revsh_text), (4 bytes).
    Removing system_stm32f1xx.o(.rrx_text), (6 bytes).
    Removing system_stm32f1xx.o(i.SystemCoreClockUpdate), (164 bytes).
    Removing main.o(.rev16_text), (4 bytes).
    Removing main.o(.revsh_text), (4 bytes).
    Removing main.o(.rrx_text), (6 bytes).
    Removing stm32f1xx_it.o(.rev16_text), (4 bytes).
    Removing stm32f1xx_it.o(.revsh_text), (4 bytes).
    Removing stm32f1xx_it.o(.rrx_text), (6 bytes).
    Removing stm32f1xx_it.o(.constdata), (35 bytes).
    Removing stm32f1xx_ll_usart.o(.rev16_text), (4 bytes).
    Removing stm32f1xx_ll_usart.o(.revsh_text), (4 bytes).
    Removing stm32f1xx_ll_usart.o(.rrx_text), (6 bytes).
    Removing stm32f1xx_ll_usart.o(i.LL_APB1_GRP1_ForceReset), (16 bytes).
    Removing stm32f1xx_ll_usart.o(i.LL_APB1_GRP1_ReleaseReset), (16 bytes).
    Removing stm32f1xx_ll_usart.o(i.LL_USART_ClockInit), (66 bytes).
    Removing stm32f1xx_ll_usart.o(i.LL_USART_ClockStructInit), (12 bytes).
    Removing stm32f1xx_ll_usart.o(i.LL_USART_DeInit), (112 bytes).
    Removing stm32f1xx_ll_usart.o(i.LL_USART_StructInit), (24 bytes).

42 unused section(s) (total 2085 bytes) removed from the image.

==============================================================================

Image Symbol Table

    Local Symbols

    Symbol Name                              Value     Ov Type        Size  Object(Section)

    ../../../../../../Drivers/STM32F1xx_HAL_Driver/Src/stm32f1xx_ll_rcc.c 0x00000000   Number         0  stm32f1xx_ll_rcc.o ABSOLUTE
    ../../../../../../Drivers/STM32F1xx_HAL_Driver/Src/stm32f1xx_ll_utils.c 0x00000000   Number         0  stm32f1xx_ll_utils.o ABSOLUTE
    ../Src/main.c                            0x00000000   Number         0  main.o ABSOLUTE
    ../Src/stm32f1xx_it.c                    0x00000000   Number         0  stm32f1xx_it.o ABSOLUTE
    ../Src/system_stm32f1xx.c                0x00000000   Number         0  system_stm32f1xx.o ABSOLUTE
    ../clib/microlib/init/entry.s            0x00000000   Number         0  entry8b.o ABSOLUTE
    ../clib/microlib/init/entry.s            0x00000000   Number         0  entry10a.o ABSOLUTE
    ../clib/microlib/init/entry.s            0x00000000   Number         0  entry9b.o ABSOLUTE
    ../clib/microlib/init/entry.s            0x00000000   Number         0  entry9a.o ABSOLUTE
    ../clib/microlib/init/entry.s            0x00000000   Number         0  entry7b.o ABSOLUTE
    ../clib/microlib/init/entry.s            0x00000000   Number         0  entry8a.o ABSOLUTE
    ../clib/microlib/init/entry.s            0x00000000   Number         0  entry.o ABSOLUTE
    ../clib/microlib/init/entry.s            0x00000000   Number         0  entry7a.o ABSOLUTE
    ../clib/microlib/init/entry.s            0x00000000   Number         0  entry2.o ABSOLUTE
    ../clib/microlib/init/entry.s            0x00000000   Number         0  entry5.o ABSOLUTE
    ../clib/microlib/init/entry.s            0x00000000   Number         0  entry12b.o ABSOLUTE
    ../clib/microlib/init/entry.s            0x00000000   Number         0  entry12a.o ABSOLUTE
    ../clib/microlib/init/entry.s            0x00000000   Number         0  entry11b.o ABSOLUTE
    ../clib/microlib/init/entry.s            0x00000000   Number         0  entry11a.o ABSOLUTE
    ../clib/microlib/init/entry.s            0x00000000   Number         0  entry10b.o ABSOLUTE
    ..\..\..\..\..\..\Drivers\STM32F1xx_HAL_Driver\Src\stm32f1xx_ll_rcc.c 0x00000000   Number         0  stm32f1xx_ll_rcc.o ABSOLUTE
    ..\..\..\..\..\..\Drivers\STM32F1xx_HAL_Driver\Src\stm32f1xx_ll_utils.c 0x00000000   Number         0  stm32f1xx_ll_utils.o ABSOLUTE
    ..\Src\main.c                            0x00000000   Number         0  main.o ABSOLUTE
    ..\Src\stm32f1xx_it.c                    0x00000000   Number         0  stm32f1xx_it.o ABSOLUTE
    ..\Src\stm32f1xx_ll_usart.c              0x00000000   Number         0  stm32f1xx_ll_usart.o ABSOLUTE
    ..\Src\system_stm32f1xx.c                0x00000000   Number         0  system_stm32f1xx.o ABSOLUTE
    ..\\Src\\stm32f1xx_ll_usart.c            0x00000000   Number         0  stm32f1xx_ll_usart.o ABSOLUTE
    dc.s                                     0x00000000   Number         0  dc.o ABSOLUTE
    handlers.s                               0x00000000   Number         0  handlers.o ABSOLUTE
    init.s                                   0x00000000   Number         0  init.o ABSOLUTE
    startup_stm32f103xb.s                    0x00000000   Number         0  startup_stm32f103xb.o ABSOLUTE
    RESET                                    0x08000000   Section      236  startup_stm32f103xb.o(RESET)
    .ARM.Collect$$$$00000000                 0x080000ec   Section        0  entry.o(.ARM.Collect$$$$00000000)
    .ARM.Collect$$$$00000001                 0x080000ec   Section        4  entry2.o(.ARM.Collect$$$$00000001)
    .ARM.Collect$$$$00000004                 0x080000f0   Section        4  entry5.o(.ARM.Collect$$$$00000004)
    .ARM.Collect$$$$00000008                 0x080000f4   Section        0  entry7b.o(.ARM.Collect$$$$00000008)
    .ARM.Collect$$$$0000000A                 0x080000f4   Section        0  entry8b.o(.ARM.Collect$$$$0000000A)
    .ARM.Collect$$$$0000000B                 0x080000f4   Section        8  entry9a.o(.ARM.Collect$$$$0000000B)
    .ARM.Collect$$$$0000000E                 0x080000fc   Section        4  entry12b.o(.ARM.Collect$$$$0000000E)
    .ARM.Collect$$$$0000000F                 0x08000100   Section        0  entry10a.o(.ARM.Collect$$$$0000000F)
    .ARM.Collect$$$$00000011                 0x08000100   Section        0  entry11a.o(.ARM.Collect$$$$00000011)
    .ARM.Collect$$$$00002712                 0x08000100   Section        4  entry2.o(.ARM.Collect$$$$00002712)
    __lit__00000000                          0x08000100   Data           4  entry2.o(.ARM.Collect$$$$00002712)
    .text                                    0x08000104   Section       36  startup_stm32f103xb.o(.text)
    .text                                    0x08000128   Section       36  init.o(.text)
    i.BusFault_Handler                       0x0800014c   Section        0  stm32f1xx_it.o(i.BusFault_Handler)
    i.Configure_DutyCycle                    0x08000150   Section        0  main.o(i.Configure_DutyCycle)
    Configure_DutyCycle                      0x08000151   Thumb Code    32  main.o(i.Configure_DutyCycle)
    i.Configure_DutyCycle2                   0x08000174   Section        0  main.o(i.Configure_DutyCycle2)
    Configure_DutyCycle2                     0x08000175   Thumb Code    34  main.o(i.Configure_DutyCycle2)
    i.Configure_TIMPWMOutput                 0x08000198   Section        0  main.o(i.Configure_TIMPWMOutput)
    Configure_TIMPWMOutput                   0x08000199   Thumb Code   254  main.o(i.Configure_TIMPWMOutput)
    i.Configure_TIMPWMOutput2                0x080002b0   Section        0  main.o(i.Configure_TIMPWMOutput2)
    Configure_TIMPWMOutput2                  0x080002b1   Thumb Code   268  main.o(i.Configure_TIMPWMOutput2)
    i.Configure_USART                        0x080003d0   Section        0  main.o(i.Configure_USART)
    i.DebugMon_Handler                       0x080004c0   Section        0  stm32f1xx_it.o(i.DebugMon_Handler)
    i.EXTI15_10_IRQHandler                   0x080004c4   Section        0  stm32f1xx_it.o(i.EXTI15_10_IRQHandler)
    i.Error_Callback                         0x080004f0   Section        0  main.o(i.Error_Callback)
    i.HardFault_Handler                      0x08000524   Section        0  stm32f1xx_it.o(i.HardFault_Handler)
    i.LL_APB1_GRP1_EnableClock               0x08000528   Section        0  main.o(i.LL_APB1_GRP1_EnableClock)
    LL_APB1_GRP1_EnableClock                 0x08000529   Thumb Code    24  main.o(i.LL_APB1_GRP1_EnableClock)
    i.LL_APB2_GRP1_EnableClock               0x08000544   Section        0  main.o(i.LL_APB2_GRP1_EnableClock)
    LL_APB2_GRP1_EnableClock                 0x08000545   Thumb Code    24  main.o(i.LL_APB2_GRP1_EnableClock)
    i.LL_GPIO_SetPinMode                     0x08000560   Section        0  main.o(i.LL_GPIO_SetPinMode)
    LL_GPIO_SetPinMode                       0x08000561   Thumb Code    44  main.o(i.LL_GPIO_SetPinMode)
    i.LL_GPIO_SetPinPull                     0x0800058c   Section        0  main.o(i.LL_GPIO_SetPinPull)
    LL_GPIO_SetPinPull                       0x0800058d   Thumb Code    28  main.o(i.LL_GPIO_SetPinPull)
    i.LL_GPIO_SetPinSpeed                    0x080005a8   Section        0  main.o(i.LL_GPIO_SetPinSpeed)
    LL_GPIO_SetPinSpeed                      0x080005a9   Thumb Code    44  main.o(i.LL_GPIO_SetPinSpeed)
    i.LL_Init1msTick                         0x080005d4   Section        0  stm32f1xx_ll_utils.o(i.LL_Init1msTick)
    i.LL_RCC_GetSystemClocksFreq             0x080005f0   Section        0  stm32f1xx_ll_rcc.o(i.LL_RCC_GetSystemClocksFreq)
    i.LL_SetSystemCoreClock                  0x08000614   Section        0  stm32f1xx_ll_utils.o(i.LL_SetSystemCoreClock)
    i.LL_TIM_CC_EnableChannel                0x08000620   Section        0  main.o(i.LL_TIM_CC_EnableChannel)
    LL_TIM_CC_EnableChannel                  0x08000621   Thumb Code     8  main.o(i.LL_TIM_CC_EnableChannel)
    i.LL_TIM_EnableARRPreload                0x08000628   Section        0  main.o(i.LL_TIM_EnableARRPreload)
    LL_TIM_EnableARRPreload                  0x08000629   Thumb Code    10  main.o(i.LL_TIM_EnableARRPreload)
    i.LL_TIM_EnableCounter                   0x08000632   Section        0  main.o(i.LL_TIM_EnableCounter)
    LL_TIM_EnableCounter                     0x08000633   Thumb Code    10  main.o(i.LL_TIM_EnableCounter)
    i.LL_TIM_EnableIT_CC1                    0x0800063c   Section        0  main.o(i.LL_TIM_EnableIT_CC1)
    LL_TIM_EnableIT_CC1                      0x0800063d   Thumb Code    10  main.o(i.LL_TIM_EnableIT_CC1)
    i.LL_TIM_GenerateEvent_UPDATE            0x08000646   Section        0  main.o(i.LL_TIM_GenerateEvent_UPDATE)
    LL_TIM_GenerateEvent_UPDATE              0x08000647   Thumb Code    10  main.o(i.LL_TIM_GenerateEvent_UPDATE)
    i.LL_TIM_GetAutoReload                   0x08000650   Section        0  main.o(i.LL_TIM_GetAutoReload)
    LL_TIM_GetAutoReload                     0x08000651   Thumb Code     6  main.o(i.LL_TIM_GetAutoReload)
    i.LL_TIM_GetPrescaler                    0x08000656   Section        0  main.o(i.LL_TIM_GetPrescaler)
    LL_TIM_GetPrescaler                      0x08000657   Thumb Code     6  main.o(i.LL_TIM_GetPrescaler)
    i.LL_TIM_IsActiveFlag_CC1                0x0800065c   Section        0  stm32f1xx_it.o(i.LL_TIM_IsActiveFlag_CC1)
    LL_TIM_IsActiveFlag_CC1                  0x0800065d   Thumb Code    10  stm32f1xx_it.o(i.LL_TIM_IsActiveFlag_CC1)
    i.LL_TIM_OC_EnablePreload                0x08000668   Section        0  main.o(i.LL_TIM_OC_EnablePreload)
    LL_TIM_OC_EnablePreload                  0x08000669   Thumb Code    86  main.o(i.LL_TIM_OC_EnablePreload)
    i.LL_TIM_OC_SetCompareCH1                0x080006c8   Section        0  main.o(i.LL_TIM_OC_SetCompareCH1)
    LL_TIM_OC_SetCompareCH1                  0x080006c9   Thumb Code     4  main.o(i.LL_TIM_OC_SetCompareCH1)
    i.LL_TIM_OC_SetMode                      0x080006cc   Section        0  main.o(i.LL_TIM_OC_SetMode)
    LL_TIM_OC_SetMode                        0x080006cd   Thumb Code    98  main.o(i.LL_TIM_OC_SetMode)
    i.LL_TIM_SetAutoReload                   0x08000738   Section        0  main.o(i.LL_TIM_SetAutoReload)
    LL_TIM_SetAutoReload                     0x08000739   Thumb Code     4  main.o(i.LL_TIM_SetAutoReload)
    i.LL_TIM_SetPrescaler                    0x0800073c   Section        0  main.o(i.LL_TIM_SetPrescaler)
    LL_TIM_SetPrescaler                      0x0800073d   Thumb Code     4  main.o(i.LL_TIM_SetPrescaler)
    i.LL_USART_Init                          0x08000740   Section        0  stm32f1xx_ll_usart.o(i.LL_USART_Init)
    i.LL_USART_IsEnabled                     0x080007d4   Section        0  stm32f1xx_ll_usart.o(i.LL_USART_IsEnabled)
    LL_USART_IsEnabled                       0x080007d5   Thumb Code    10  stm32f1xx_ll_usart.o(i.LL_USART_IsEnabled)
    i.LL_USART_SetBaudRate                   0x080007de   Section        0  stm32f1xx_ll_usart.o(i.LL_USART_SetBaudRate)
    LL_USART_SetBaudRate                     0x080007df   Thumb Code   158  stm32f1xx_ll_usart.o(i.LL_USART_SetBaudRate)
    i.MemManage_Handler                      0x0800087c   Section        0  stm32f1xx_it.o(i.MemManage_Handler)
    i.NMI_Handler                            0x08000880   Section        0  stm32f1xx_it.o(i.NMI_Handler)
    i.PendSV_Handler                         0x08000882   Section        0  stm32f1xx_it.o(i.PendSV_Handler)
    i.RCC_GetHCLKClockFreq                   0x08000884   Section        0  stm32f1xx_ll_rcc.o(i.RCC_GetHCLKClockFreq)
    i.RCC_GetPCLK1ClockFreq                  0x080008a4   Section        0  stm32f1xx_ll_rcc.o(i.RCC_GetPCLK1ClockFreq)
    i.RCC_GetPCLK2ClockFreq                  0x080008c8   Section        0  stm32f1xx_ll_rcc.o(i.RCC_GetPCLK2ClockFreq)
    i.RCC_GetSystemClockFreq                 0x080008ec   Section        0  stm32f1xx_ll_rcc.o(i.RCC_GetSystemClockFreq)
    i.RCC_PLL_GetFreqDomain_SYS              0x08000928   Section        0  stm32f1xx_ll_rcc.o(i.RCC_PLL_GetFreqDomain_SYS)
    i.SVC_Handler                            0x08000980   Section        0  stm32f1xx_it.o(i.SVC_Handler)
    i.SysTick_Handler                        0x08000982   Section        0  stm32f1xx_it.o(i.SysTick_Handler)
    i.SystemClock_Config                     0x08000984   Section        0  main.o(i.SystemClock_Config)
    SystemClock_Config                       0x08000985   Thumb Code   226  main.o(i.SystemClock_Config)
    i.SystemInit                             0x08000a74   Section        0  system_stm32f1xx.o(i.SystemInit)
    i.TIM2_IRQHandler                        0x08000acc   Section        0  stm32f1xx_it.o(i.TIM2_IRQHandler)
    i.TIM3_IRQHandler                        0x08000aec   Section        0  stm32f1xx_it.o(i.TIM3_IRQHandler)
    i.TimerCaptureCompare_Callback           0x08000b0c   Section        0  main.o(i.TimerCaptureCompare_Callback)
    i.TimerCaptureCompare_Callback2          0x08000b34   Section        0  main.o(i.TimerCaptureCompare_Callback2)
    i.USART2_IRQHandler                      0x08000b5c   Section        0  stm32f1xx_it.o(i.USART2_IRQHandler)
    i.USART_CharReception_Callback           0x08000b88   Section        0  main.o(i.USART_CharReception_Callback)
    i.UsageFault_Handler                     0x08000c0c   Section        0  stm32f1xx_it.o(i.UsageFault_Handler)
    i.UserButton_Callback                    0x08000c10   Section        0  main.o(i.UserButton_Callback)
    i.UserButton_Init                        0x08000c40   Section        0  main.o(i.UserButton_Init)
    UserButton_Init                          0x08000c41   Thumb Code   128  main.o(i.UserButton_Init)
    i.__NVIC_EnableIRQ                       0x08000cd4   Section        0  main.o(i.__NVIC_EnableIRQ)
    __NVIC_EnableIRQ                         0x08000cd5   Thumb Code    34  main.o(i.__NVIC_EnableIRQ)
    i.__NVIC_SetPriority                     0x08000cf8   Section        0  main.o(i.__NVIC_SetPriority)
    __NVIC_SetPriority                       0x08000cf9   Thumb Code    32  main.o(i.__NVIC_SetPriority)
    i.__scatterload_copy                     0x08000d20   Section       14  handlers.o(i.__scatterload_copy)
    i.__scatterload_null                     0x08000d2e   Section        2  handlers.o(i.__scatterload_null)
    i.__scatterload_zeroinit                 0x08000d30   Section       14  handlers.o(i.__scatterload_zeroinit)
    i.main                                   0x08000d3e   Section        0  main.o(i.main)
    .constdata                               0x08000d56   Section       24  system_stm32f1xx.o(.constdata)
    .constdata                               0x08000d6e   Section       35  main.o(.constdata)
    OFFSET_TAB_CCMRx                         0x08000d6e   Data           7  main.o(.constdata)
    SHIFT_TAB_OCxx                           0x08000d75   Data           7  main.o(.constdata)
    SHIFT_TAB_ICxx                           0x08000d7c   Data           7  main.o(.constdata)
    SHIFT_TAB_CCxP                           0x08000d83   Data           7  main.o(.constdata)
    SHIFT_TAB_OISx                           0x08000d8a   Data           7  main.o(.constdata)
    .data                                    0x20000000   Section        4  system_stm32f1xx.o(.data)
    .data                                    0x20000004   Section       40  main.o(.data)
    aDutyCycle                               0x20000004   Data          12  main.o(.data)
    aDutyCycle2                              0x20000010   Data          12  main.o(.data)
    iDutyCycle                               0x2000001c   Data           1  main.o(.data)
    TimOutClock                              0x20000028   Data           4  main.o(.data)
    STACK                                    0x20000030   Section     1024  startup_stm32f103xb.o(STACK)

    Global Symbols

    Symbol Name                              Value     Ov Type        Size  Object(Section)

    BuildAttributes$$THM_ISAv4$P$D$K$B$S$PE$A:L22UL41UL21$X:L11$S22US41US21$IEEE1$IW$USESV6$~STKCKD$USESV7$~SHL$OSPACE$EBA8$MICROLIB$REQ8$PRES8$EABIv2 0x00000000   Number         0  anon$$obj.o ABSOLUTE
    __ARM_use_no_argv                        0x00000000   Number         0  main.o ABSOLUTE
    __arm_fini_                               - Undefined Weak Reference
    __cpp_initialize__aeabi_                  - Undefined Weak Reference
    __cxa_finalize                            - Undefined Weak Reference
    __decompress                              - Undefined Weak Reference
    _clock_init                               - Undefined Weak Reference
    _microlib_exit                            - Undefined Weak Reference
    __Vectors_Size                           0x000000ec   Number         0  startup_stm32f103xb.o ABSOLUTE
    __Vectors                                0x08000000   Data           4  startup_stm32f103xb.o(RESET)
    __Vectors_End                            0x080000ec   Data           0  startup_stm32f103xb.o(RESET)
    __main                                   0x080000ed   Thumb Code     0  entry.o(.ARM.Collect$$$$00000000)
    _main_stk                                0x080000ed   Thumb Code     0  entry2.o(.ARM.Collect$$$$00000001)
    _main_scatterload                        0x080000f1   Thumb Code     0  entry5.o(.ARM.Collect$$$$00000004)
    __main_after_scatterload                 0x080000f5   Thumb Code     0  entry5.o(.ARM.Collect$$$$00000004)
    _main_clock                              0x080000f5   Thumb Code     0  entry7b.o(.ARM.Collect$$$$00000008)
    _main_cpp_init                           0x080000f5   Thumb Code     0  entry8b.o(.ARM.Collect$$$$0000000A)
    _main_init                               0x080000f5   Thumb Code     0  entry9a.o(.ARM.Collect$$$$0000000B)
    __rt_lib_shutdown_fini                   0x080000fd   Thumb Code     0  entry12b.o(.ARM.Collect$$$$0000000E)
    __rt_final_cpp                           0x08000101   Thumb Code     0  entry10a.o(.ARM.Collect$$$$0000000F)
    __rt_final_exit                          0x08000101   Thumb Code     0  entry11a.o(.ARM.Collect$$$$00000011)
    Reset_Handler                            0x08000105   Thumb Code     8  startup_stm32f103xb.o(.text)
    ADC1_2_IRQHandler                        0x0800011f   Thumb Code     0  startup_stm32f103xb.o(.text)
    CAN1_RX1_IRQHandler                      0x0800011f   Thumb Code     0  startup_stm32f103xb.o(.text)
    CAN1_SCE_IRQHandler                      0x0800011f   Thumb Code     0  startup_stm32f103xb.o(.text)
    DMA1_Channel1_IRQHandler                 0x0800011f   Thumb Code     0  startup_stm32f103xb.o(.text)
    DMA1_Channel2_IRQHandler                 0x0800011f   Thumb Code     0  startup_stm32f103xb.o(.text)
    DMA1_Channel3_IRQHandler                 0x0800011f   Thumb Code     0  startup_stm32f103xb.o(.text)
    DMA1_Channel4_IRQHandler                 0x0800011f   Thumb Code     0  startup_stm32f103xb.o(.text)
    DMA1_Channel5_IRQHandler                 0x0800011f   Thumb Code     0  startup_stm32f103xb.o(.text)
    DMA1_Channel6_IRQHandler                 0x0800011f   Thumb Code     0  startup_stm32f103xb.o(.text)
    DMA1_Channel7_IRQHandler                 0x0800011f   Thumb Code     0  startup_stm32f103xb.o(.text)
    EXTI0_IRQHandler                         0x0800011f   Thumb Code     0  startup_stm32f103xb.o(.text)
    EXTI1_IRQHandler                         0x0800011f   Thumb Code     0  startup_stm32f103xb.o(.text)
    EXTI2_IRQHandler                         0x0800011f   Thumb Code     0  startup_stm32f103xb.o(.text)
    EXTI3_IRQHandler                         0x0800011f   Thumb Code     0  startup_stm32f103xb.o(.text)
    EXTI4_IRQHandler                         0x0800011f   Thumb Code     0  startup_stm32f103xb.o(.text)
    EXTI9_5_IRQHandler                       0x0800011f   Thumb Code     0  startup_stm32f103xb.o(.text)
    FLASH_IRQHandler                         0x0800011f   Thumb Code     0  startup_stm32f103xb.o(.text)
    I2C1_ER_IRQHandler                       0x0800011f   Thumb Code     0  startup_stm32f103xb.o(.text)
    I2C1_EV_IRQHandler                       0x0800011f   Thumb Code     0  startup_stm32f103xb.o(.text)
    I2C2_ER_IRQHandler                       0x0800011f   Thumb Code     0  startup_stm32f103xb.o(.text)
    I2C2_EV_IRQHandler                       0x0800011f   Thumb Code     0  startup_stm32f103xb.o(.text)
    PVD_IRQHandler                           0x0800011f   Thumb Code     0  startup_stm32f103xb.o(.text)
    RCC_IRQHandler                           0x0800011f   Thumb Code     0  startup_stm32f103xb.o(.text)
    RTC_Alarm_IRQHandler                     0x0800011f   Thumb Code     0  startup_stm32f103xb.o(.text)
    RTC_IRQHandler                           0x0800011f   Thumb Code     0  startup_stm32f103xb.o(.text)
    SPI1_IRQHandler                          0x0800011f   Thumb Code     0  startup_stm32f103xb.o(.text)
    SPI2_IRQHandler                          0x0800011f   Thumb Code     0  startup_stm32f103xb.o(.text)
    TAMPER_IRQHandler                        0x0800011f   Thumb Code     0  startup_stm32f103xb.o(.text)
    TIM1_BRK_IRQHandler                      0x0800011f   Thumb Code     0  startup_stm32f103xb.o(.text)
    TIM1_CC_IRQHandler                       0x0800011f   Thumb Code     0  startup_stm32f103xb.o(.text)
    TIM1_TRG_COM_IRQHandler                  0x0800011f   Thumb Code     0  startup_stm32f103xb.o(.text)
    TIM1_UP_IRQHandler                       0x0800011f   Thumb Code     0  startup_stm32f103xb.o(.text)
    TIM4_IRQHandler                          0x0800011f   Thumb Code     0  startup_stm32f103xb.o(.text)
    USART1_IRQHandler                        0x0800011f   Thumb Code     0  startup_stm32f103xb.o(.text)
    USART3_IRQHandler                        0x0800011f   Thumb Code     0  startup_stm32f103xb.o(.text)
    USBWakeUp_IRQHandler                     0x0800011f   Thumb Code     0  startup_stm32f103xb.o(.text)
    USB_HP_CAN1_TX_IRQHandler                0x0800011f   Thumb Code     0  startup_stm32f103xb.o(.text)
    USB_LP_CAN1_RX0_IRQHandler               0x0800011f   Thumb Code     0  startup_stm32f103xb.o(.text)
    WWDG_IRQHandler                          0x0800011f   Thumb Code     0  startup_stm32f103xb.o(.text)
    __scatterload                            0x08000129   Thumb Code    28  init.o(.text)
    __scatterload_rt2                        0x08000129   Thumb Code     0  init.o(.text)
    BusFault_Handler                         0x0800014d   Thumb Code     4  stm32f1xx_it.o(i.BusFault_Handler)
    Configure_USART                          0x080003d1   Thumb Code   230  main.o(i.Configure_USART)
    DebugMon_Handler                         0x080004c1   Thumb Code     2  stm32f1xx_it.o(i.DebugMon_Handler)
    EXTI15_10_IRQHandler                     0x080004c5   Thumb Code    40  stm32f1xx_it.o(i.EXTI15_10_IRQHandler)
    Error_Callback                           0x080004f1   Thumb Code    44  main.o(i.Error_Callback)
    HardFault_Handler                        0x08000525   Thumb Code     4  stm32f1xx_it.o(i.HardFault_Handler)
    LL_Init1msTick                           0x080005d5   Thumb Code    28  stm32f1xx_ll_utils.o(i.LL_Init1msTick)
    LL_RCC_GetSystemClocksFreq               0x080005f1   Thumb Code    36  stm32f1xx_ll_rcc.o(i.LL_RCC_GetSystemClocksFreq)
    LL_SetSystemCoreClock                    0x08000615   Thumb Code     6  stm32f1xx_ll_utils.o(i.LL_SetSystemCoreClock)
    LL_USART_Init                            0x08000741   Thumb Code   134  stm32f1xx_ll_usart.o(i.LL_USART_Init)
    MemManage_Handler                        0x0800087d   Thumb Code     4  stm32f1xx_it.o(i.MemManage_Handler)
    NMI_Handler                              0x08000881   Thumb Code     2  stm32f1xx_it.o(i.NMI_Handler)
    PendSV_Handler                           0x08000883   Thumb Code     2  stm32f1xx_it.o(i.PendSV_Handler)
    RCC_GetHCLKClockFreq                     0x08000885   Thumb Code    24  stm32f1xx_ll_rcc.o(i.RCC_GetHCLKClockFreq)
    RCC_GetPCLK1ClockFreq                    0x080008a5   Thumb Code    26  stm32f1xx_ll_rcc.o(i.RCC_GetPCLK1ClockFreq)
    RCC_GetPCLK2ClockFreq                    0x080008c9   Thumb Code    26  stm32f1xx_ll_rcc.o(i.RCC_GetPCLK2ClockFreq)
    RCC_GetSystemClockFreq                   0x080008ed   Thumb Code    52  stm32f1xx_ll_rcc.o(i.RCC_GetSystemClockFreq)
    RCC_PLL_GetFreqDomain_SYS                0x08000929   Thumb Code    76  stm32f1xx_ll_rcc.o(i.RCC_PLL_GetFreqDomain_SYS)
    SVC_Handler                              0x08000981   Thumb Code     2  stm32f1xx_it.o(i.SVC_Handler)
    SysTick_Handler                          0x08000983   Thumb Code     2  stm32f1xx_it.o(i.SysTick_Handler)
    SystemInit                               0x08000a75   Thumb Code    70  system_stm32f1xx.o(i.SystemInit)
    TIM2_IRQHandler                          0x08000acd   Thumb Code    30  stm32f1xx_it.o(i.TIM2_IRQHandler)
    TIM3_IRQHandler                          0x08000aed   Thumb Code    28  stm32f1xx_it.o(i.TIM3_IRQHandler)
    TimerCaptureCompare_Callback             0x08000b0d   Thumb Code    32  main.o(i.TimerCaptureCompare_Callback)
    TimerCaptureCompare_Callback2            0x08000b35   Thumb Code    34  main.o(i.TimerCaptureCompare_Callback2)
    USART2_IRQHandler                        0x08000b5d   Thumb Code    38  stm32f1xx_it.o(i.USART2_IRQHandler)
    USART_CharReception_Callback             0x08000b89   Thumb Code   118  main.o(i.USART_CharReception_Callback)
    UsageFault_Handler                       0x08000c0d   Thumb Code     4  stm32f1xx_it.o(i.UsageFault_Handler)
    UserButton_Callback                      0x08000c11   Thumb Code    38  main.o(i.UserButton_Callback)
    __scatterload_copy                       0x08000d21   Thumb Code    14  handlers.o(i.__scatterload_copy)
    __scatterload_null                       0x08000d2f   Thumb Code     2  handlers.o(i.__scatterload_null)
    __scatterload_zeroinit                   0x08000d31   Thumb Code    14  handlers.o(i.__scatterload_zeroinit)
    main                                     0x08000d3f   Thumb Code    24  main.o(i.main)
    AHBPrescTable                            0x08000d56   Data          16  system_stm32f1xx.o(.constdata)
    APBPrescTable                            0x08000d66   Data           8  system_stm32f1xx.o(.constdata)
    Region$$Table$$Base                      0x08000d94   Number         0  anon$$obj.o(Region$$Table)
    Region$$Table$$Limit                     0x08000db4   Number         0  anon$$obj.o(Region$$Table)
    SystemCoreClock                          0x20000000   Data           4  system_stm32f1xx.o(.data)
    uwMeasuredDutyCycle                      0x20000020   Data           4  main.o(.data)
    uwMeasuredDutyCycle2                     0x20000024   Data           4  main.o(.data)
    __initial_sp                             0x20000430   Data           0  startup_stm32f103xb.o(STACK)



==============================================================================

Memory Map of the image

  Image Entry point : 0x080000ed

  Load Region LR_IROM1 (Base: 0x08000000, Size: 0x00000de0, Max: 0x00020000, ABSOLUTE)

    Execution Region ER_IROM1 (Exec base: 0x08000000, Load base: 0x08000000, Size: 0x00000db4, Max: 0x00020000, ABSOLUTE)

    Exec Addr    Load Addr    Size         Type   Attr      Idx    E Section Name        Object

    0x08000000   0x08000000   0x000000ec   Data   RO            3    RESET               startup_stm32f103xb.o
    0x080000ec   0x080000ec   0x00000000   Code   RO          676  * .ARM.Collect$$$$00000000  mc_w.l(entry.o)
    0x080000ec   0x080000ec   0x00000004   Code   RO          679    .ARM.Collect$$$$00000001  mc_w.l(entry2.o)
    0x080000f0   0x080000f0   0x00000004   Code   RO          682    .ARM.Collect$$$$00000004  mc_w.l(entry5.o)
    0x080000f4   0x080000f4   0x00000000   Code   RO          684    .ARM.Collect$$$$00000008  mc_w.l(entry7b.o)
    0x080000f4   0x080000f4   0x00000000   Code   RO          686    .ARM.Collect$$$$0000000A  mc_w.l(entry8b.o)
    0x080000f4   0x080000f4   0x00000008   Code   RO          687    .ARM.Collect$$$$0000000B  mc_w.l(entry9a.o)
    0x080000fc   0x080000fc   0x00000004   Code   RO          694    .ARM.Collect$$$$0000000E  mc_w.l(entry12b.o)
    0x08000100   0x08000100   0x00000000   Code   RO          689    .ARM.Collect$$$$0000000F  mc_w.l(entry10a.o)
    0x08000100   0x08000100   0x00000000   Code   RO          691    .ARM.Collect$$$$00000011  mc_w.l(entry11a.o)
    0x08000100   0x08000100   0x00000004   Code   RO          680    .ARM.Collect$$$$00002712  mc_w.l(entry2.o)
    0x08000104   0x08000104   0x00000024   Code   RO            4    .text               startup_stm32f103xb.o
    0x08000128   0x08000128   0x00000024   Code   RO          695    .text               mc_w.l(init.o)
    0x0800014c   0x0800014c   0x00000004   Code   RO          478    i.BusFault_Handler  stm32f1xx_it.o
    0x08000150   0x08000150   0x00000024   Code   RO          255    i.Configure_DutyCycle  main.o
    0x08000174   0x08000174   0x00000022   Code   RO          256    i.Configure_DutyCycle2  main.o
    0x08000196   0x08000196   0x00000002   PAD
    0x08000198   0x08000198   0x00000118   Code   RO          257    i.Configure_TIMPWMOutput  main.o
    0x080002b0   0x080002b0   0x00000120   Code   RO          258    i.Configure_TIMPWMOutput2  main.o
    0x080003d0   0x080003d0   0x000000f0   Code   RO          259    i.Configure_USART   main.o
    0x080004c0   0x080004c0   0x00000002   Code   RO          479    i.DebugMon_Handler  stm32f1xx_it.o
    0x080004c2   0x080004c2   0x00000002   PAD
    0x080004c4   0x080004c4   0x0000002c   Code   RO          480    i.EXTI15_10_IRQHandler  stm32f1xx_it.o
    0x080004f0   0x080004f0   0x00000034   Code   RO          260    i.Error_Callback    main.o
    0x08000524   0x08000524   0x00000004   Code   RO          481    i.HardFault_Handler  stm32f1xx_it.o
    0x08000528   0x08000528   0x0000001c   Code   RO          261    i.LL_APB1_GRP1_EnableClock  main.o
    0x08000544   0x08000544   0x0000001c   Code   RO          262    i.LL_APB2_GRP1_EnableClock  main.o
    0x08000560   0x08000560   0x0000002c   Code   RO          263    i.LL_GPIO_SetPinMode  main.o
    0x0800058c   0x0800058c   0x0000001c   Code   RO          264    i.LL_GPIO_SetPinPull  main.o
    0x080005a8   0x080005a8   0x0000002c   Code   RO          265    i.LL_GPIO_SetPinSpeed  main.o
    0x080005d4   0x080005d4   0x0000001c   Code   RO          120    i.LL_Init1msTick    stm32f1xx_ll_utils.o
    0x080005f0   0x080005f0   0x00000024   Code   RO           15    i.LL_RCC_GetSystemClocksFreq  stm32f1xx_ll_rcc.o
    0x08000614   0x08000614   0x0000000c   Code   RO          128    i.LL_SetSystemCoreClock  stm32f1xx_ll_utils.o
    0x08000620   0x08000620   0x00000008   Code   RO          266    i.LL_TIM_CC_EnableChannel  main.o
    0x08000628   0x08000628   0x0000000a   Code   RO          267    i.LL_TIM_EnableARRPreload  main.o
    0x08000632   0x08000632   0x0000000a   Code   RO          268    i.LL_TIM_EnableCounter  main.o
    0x0800063c   0x0800063c   0x0000000a   Code   RO          269    i.LL_TIM_EnableIT_CC1  main.o
    0x08000646   0x08000646   0x0000000a   Code   RO          270    i.LL_TIM_GenerateEvent_UPDATE  main.o
    0x08000650   0x08000650   0x00000006   Code   RO          271    i.LL_TIM_GetAutoReload  main.o
    0x08000656   0x08000656   0x00000006   Code   RO          272    i.LL_TIM_GetPrescaler  main.o
    0x0800065c   0x0800065c   0x0000000a   Code   RO          482    i.LL_TIM_IsActiveFlag_CC1  stm32f1xx_it.o
    0x08000666   0x08000666   0x00000002   PAD
    0x08000668   0x08000668   0x00000060   Code   RO          273    i.LL_TIM_OC_EnablePreload  main.o
    0x080006c8   0x080006c8   0x00000004   Code   RO          274    i.LL_TIM_OC_SetCompareCH1  main.o
    0x080006cc   0x080006cc   0x0000006c   Code   RO          275    i.LL_TIM_OC_SetMode  main.o
    0x08000738   0x08000738   0x00000004   Code   RO          276    i.LL_TIM_SetAutoReload  main.o
    0x0800073c   0x0800073c   0x00000004   Code   RO          277    i.LL_TIM_SetPrescaler  main.o
    0x08000740   0x08000740   0x00000094   Code   RO          610    i.LL_USART_Init     stm32f1xx_ll_usart.o
    0x080007d4   0x080007d4   0x0000000a   Code   RO          611    i.LL_USART_IsEnabled  stm32f1xx_ll_usart.o
    0x080007de   0x080007de   0x0000009e   Code   RO          612    i.LL_USART_SetBaudRate  stm32f1xx_ll_usart.o
    0x0800087c   0x0800087c   0x00000004   Code   RO          483    i.MemManage_Handler  stm32f1xx_it.o
    0x08000880   0x08000880   0x00000002   Code   RO          484    i.NMI_Handler       stm32f1xx_it.o
    0x08000882   0x08000882   0x00000002   Code   RO          485    i.PendSV_Handler    stm32f1xx_it.o
    0x08000884   0x08000884   0x00000020   Code   RO           18    i.RCC_GetHCLKClockFreq  stm32f1xx_ll_rcc.o
    0x080008a4   0x080008a4   0x00000024   Code   RO           19    i.RCC_GetPCLK1ClockFreq  stm32f1xx_ll_rcc.o
    0x080008c8   0x080008c8   0x00000024   Code   RO           20    i.RCC_GetPCLK2ClockFreq  stm32f1xx_ll_rcc.o
    0x080008ec   0x080008ec   0x0000003c   Code   RO           21    i.RCC_GetSystemClockFreq  stm32f1xx_ll_rcc.o
    0x08000928   0x08000928   0x00000058   Code   RO           22    i.RCC_PLL_GetFreqDomain_SYS  stm32f1xx_ll_rcc.o
    0x08000980   0x08000980   0x00000002   Code   RO          486    i.SVC_Handler       stm32f1xx_it.o
    0x08000982   0x08000982   0x00000002   Code   RO          487    i.SysTick_Handler   stm32f1xx_it.o
    0x08000984   0x08000984   0x000000f0   Code   RO          278    i.SystemClock_Config  main.o
    0x08000a74   0x08000a74   0x00000058   Code   RO          219    i.SystemInit        system_stm32f1xx.o
    0x08000acc   0x08000acc   0x0000001e   Code   RO          488    i.TIM2_IRQHandler   stm32f1xx_it.o
    0x08000aea   0x08000aea   0x00000002   PAD
    0x08000aec   0x08000aec   0x00000020   Code   RO          489    i.TIM3_IRQHandler   stm32f1xx_it.o
    0x08000b0c   0x08000b0c   0x00000028   Code   RO          279    i.TimerCaptureCompare_Callback  main.o
    0x08000b34   0x08000b34   0x00000028   Code   RO          280    i.TimerCaptureCompare_Callback2  main.o
    0x08000b5c   0x08000b5c   0x0000002c   Code   RO          490    i.USART2_IRQHandler  stm32f1xx_it.o
    0x08000b88   0x08000b88   0x00000084   Code   RO          281    i.USART_CharReception_Callback  main.o
    0x08000c0c   0x08000c0c   0x00000004   Code   RO          491    i.UsageFault_Handler  stm32f1xx_it.o
    0x08000c10   0x08000c10   0x00000030   Code   RO          282    i.UserButton_Callback  main.o
    0x08000c40   0x08000c40   0x00000094   Code   RO          283    i.UserButton_Init   main.o
    0x08000cd4   0x08000cd4   0x00000022   Code   RO          284    i.__NVIC_EnableIRQ  main.o
    0x08000cf6   0x08000cf6   0x00000002   PAD
    0x08000cf8   0x08000cf8   0x00000028   Code   RO          285    i.__NVIC_SetPriority  main.o
    0x08000d20   0x08000d20   0x0000000e   Code   RO          699    i.__scatterload_copy  mc_w.l(handlers.o)
    0x08000d2e   0x08000d2e   0x00000002   Code   RO          700    i.__scatterload_null  mc_w.l(handlers.o)
    0x08000d30   0x08000d30   0x0000000e   Code   RO          701    i.__scatterload_zeroinit  mc_w.l(handlers.o)
    0x08000d3e   0x08000d3e   0x00000018   Code   RO          286    i.main              main.o
    0x08000d56   0x08000d56   0x00000018   Data   RO          220    .constdata          system_stm32f1xx.o
    0x08000d6e   0x08000d6e   0x00000023   Data   RO          287    .constdata          main.o
    0x08000d91   0x08000d91   0x00000003   PAD
    0x08000d94   0x08000d94   0x00000020   Data   RO          697    Region$$Table       anon$$obj.o


    Execution Region RW_IRAM1 (Exec base: 0x20000000, Load base: 0x08000db4, Size: 0x00000430, Max: 0x00005000, ABSOLUTE)

    Exec Addr    Load Addr    Size         Type   Attr      Idx    E Section Name        Object

    0x20000000   0x08000db4   0x00000004   Data   RW          221    .data               system_stm32f1xx.o
    0x20000004   0x08000db8   0x00000028   Data   RW          288    .data               main.o
    0x2000002c   0x08000de0   0x00000004   PAD
    0x20000030        -       0x00000400   Zero   RW            1    STACK               startup_stm32f103xb.o


==============================================================================

Image component sizes


      Code (inc. data)   RO Data    RW Data    ZI Data      Debug   Object Name

      2124        176         35         40          0     108224   main.o
        36          8        236          0       1024        892   startup_stm32f103xb.o
       186         14          0          0          0      55685   stm32f1xx_it.o
       288         48          0          0          0     357585   stm32f1xx_ll_rcc.o
       316         14          0          0          0      16180   stm32f1xx_ll_usart.o
        40          6          0          0          0       2641   stm32f1xx_ll_utils.o
        88         18         24          4          0       1499   system_stm32f1xx.o

    ----------------------------------------------------------------------
      3088        284        330         44       1028     542706   Object Totals
         0          0         32          0          0          0   (incl. Generated)
        10          0          3          0          4          0   (incl. Padding)

    ----------------------------------------------------------------------

      Code (inc. data)   RO Data    RW Data    ZI Data      Debug   Library Member Name

         0          0          0          0          0          0   entry.o
         0          0          0          0          0          0   entry10a.o
         0          0          0          0          0          0   entry11a.o
         4          0          0          0          0          0   entry12b.o
         8          4          0          0          0          0   entry2.o
         4          0          0          0          0          0   entry5.o
         0          0          0          0          0          0   entry7b.o
         0          0          0          0          0          0   entry8b.o
         8          4          0          0          0          0   entry9a.o
        30          0          0          0          0          0   handlers.o
        36          8          0          0          0         68   init.o

    ----------------------------------------------------------------------
        90         16          0          0          0         68   Library Totals
         0          0          0          0          0          0   (incl. Padding)

    ----------------------------------------------------------------------

      Code (inc. data)   RO Data    RW Data    ZI Data      Debug   Library Name

        90         16          0          0          0         68   mc_w.l

    ----------------------------------------------------------------------
        90         16          0          0          0         68   Library Totals

    ----------------------------------------------------------------------

==============================================================================


      Code (inc. data)   RO Data    RW Data    ZI Data      Debug   

      3178        300        330         44       1028     540118   Grand Totals
      3178        300        330         44       1028     540118   ELF Image Totals
      3178        300        330         44          0          0   ROM Totals

==============================================================================

    Total RO  Size (Code + RO Data)                 3508 (   3.43kB)
    Total RW  Size (RW Data + ZI Data)              1072 (   1.05kB)
    Total ROM Size (Code + RO Data + RW Data)       3552 (   3.47kB)

==============================================================================

